2026-06-14 23:48:54,653 | INFO | Modelo cargado correctamente: modelo_churn_v1
2026-06-14 23:49:11,525 | INFO | Solicitud | metodo=GET | ruta=/model-metadata | estado=404 | latencia_ms=1.292
2026-06-14 23:49:17,560 | INFO | Solicitud | metodo=GET | ruta=/ | estado=200 | latencia_ms=87.731
2026-06-14 23:49:31,028 | INFO | Solicitud | metodo=GET | ruta=/health | estado=200 | latencia_ms=1.083
2026-06-14 23:49:42,256 | INFO | Solicitud | metodo=GET | ruta=/metrics | estado=200 | latencia_ms=27.216
2026-06-14 23:50:44,314 | INFO | Solicitud | metodo=GET | ruta=/docs | estado=200 | latencia_ms=3.712
2026-06-14 23:50:45,040 | INFO | Solicitud | metodo=GET | ruta=/openapi.json | estado=200 | latencia_ms=137.502
2026-06-14 23:51:04,659 | WARNING | Valores fuera de rango histórico: ['antiguedad=240 fuera del rango histórico [1, 72]', 'cargo_mensual=5000.0 fuera del rango histórico [20.0, 150.0]', 'reclamos=100 fuera del rango histórico [0, 7]']
2026-06-14 23:51:04,679 | INFO | Predicción | resultado=alto_riesgo | probabilidad=1.0000 | alertas=3
2026-06-14 23:51:04,680 | INFO | Solicitud | metodo=POST | ruta=/predict | estado=200 | latencia_ms=359.394
2026-06-14 23:51:39,130 | WARNING | Error de validación | ruta=/predict | detalle=[{'type': 'json_invalid', 'loc': ('body', 48), 'msg': 'JSON decode error', 'input': {}, 'ctx': {'error': 'Expecting property name enclosed in double quotes'}}]
2026-06-14 23:51:39,158 | INFO | Solicitud | metodo=POST | ruta=/predict | estado=422 | latencia_ms=29.099
2026-06-14 23:51:54,944 | WARNING | Error de validación | ruta=/predict | detalle=[{'type': 'int_parsing', 'loc': ('body', 'antiguedad'), 'msg': 'Input should be a valid integer, unable to parse string as an integer', 'input': 'diez'}]
2026-06-14 23:51:54,955 | INFO | Solicitud | metodo=POST | ruta=/predict | estado=422 | latencia_ms=480.611
2026-06-14 23:52:21,850 | WARNING | Error de validación | ruta=/predict | detalle=[{'type': 'greater_than_equal', 'loc': ('body', 'antiguedad'), 'msg': 'Input should be greater than or equal to 0', 'input': -240, 'ctx': {'ge': 0}}]
2026-06-14 23:52:21,851 | INFO | Solicitud | metodo=POST | ruta=/predict | estado=422 | latencia_ms=40.514
2026-06-14 23:52:38,409 | INFO | Solicitud | metodo=GET | ruta=/metrics | estado=200 | latencia_ms=1.478
2026-06-14 23:53:01,470 | WARNING | Valores fuera de rango histórico: ['antiguedad=240 fuera del rango histórico [1, 72]', 'cargo_mensual=5000.0 fuera del rango histórico [20.0, 150.0]', 'reclamos=100 fuera del rango histórico [0, 7]']
2026-06-14 23:53:01,470 | INFO | Predicción | resultado=alto_riesgo | probabilidad=1.0000 | alertas=3
2026-06-14 23:53:01,471 | INFO | Solicitud | metodo=POST | ruta=/predict | estado=200 | latencia_ms=8.293
2026-06-14 23:55:19,124 | INFO | Predicción | resultado=alto_riesgo | probabilidad=0.8161 | alertas=0
2026-06-14 23:55:19,151 | INFO | Solicitud | metodo=POST | ruta=/predict | estado=200 | latencia_ms=30.817
2026-06-14 23:55:34,313 | INFO | Solicitud | metodo=GET | ruta=/metrics | estado=200 | latencia_ms=0.881
2026-06-14 23:55:39,828 | INFO | Solicitud | metodo=GET | ruta=/metrics | estado=200 | latencia_ms=1.563
2026-06-14 23:55:40,971 | INFO | Solicitud | metodo=GET | ruta=/metrics | estado=200 | latencia_ms=1.567
2026-06-14 23:56:00,548 | INFO | Solicitud | metodo=GET | ruta=/metrics | estado=200 | latencia_ms=1.810
2026-06-14 23:56:02,388 | INFO | Solicitud | metodo=GET | ruta=/metrics | estado=200 | latencia_ms=1.418
2026-06-14 23:56:06,470 | INFO | Solicitud | metodo=GET | ruta=/metrics | estado=200 | latencia_ms=3.203
2026-06-14 23:56:07,083 | INFO | Solicitud | metodo=GET | ruta=/metrics | estado=200 | latencia_ms=0.758
2026-06-14 23:56:07,563 | INFO | Solicitud | metodo=GET | ruta=/metrics | estado=200 | latencia_ms=2.130
2026-06-14 23:56:12,408 | INFO | Solicitud | metodo=GET | ruta=/docs | estado=200 | latencia_ms=1.763
2026-06-14 23:56:12,596 | INFO | Solicitud | metodo=GET | ruta=/openapi.json | estado=200 | latencia_ms=0.618
2026-06-14 23:56:24,785 | WARNING | Valores fuera de rango histórico: ['cargo_mensual=5000.0 fuera del rango histórico [20.0, 150.0]', 'reclamos=100 fuera del rango histórico [0, 7]']
2026-06-14 23:56:24,787 | INFO | Predicción | resultado=alto_riesgo | probabilidad=1.0000 | alertas=2
2026-06-14 23:56:24,787 | INFO | Solicitud | metodo=POST | ruta=/predict | estado=200 | latencia_ms=8.823
2026-06-14 23:56:40,776 | INFO | Predicción | resultado=bajo_riesgo | probabilidad=0.2482 | alertas=0
2026-06-14 23:56:40,778 | INFO | Solicitud | metodo=POST | ruta=/predict | estado=200 | latencia_ms=3.524
2026-06-14 23:57:32,795 | INFO | Solicitud | metodo=GET | ruta=/metrics | estado=200 | latencia_ms=1.448
2026-06-15 00:01:04,593 | INFO | Predicción | resultado=bajo_riesgo | probabilidad=0.2482 | alertas=0
2026-06-15 00:01:04,596 | INFO | Solicitud | metodo=POST | ruta=/predict | estado=200 | latencia_ms=30.001
2026-06-15 00:01:06,288 | INFO | Predicción | resultado=bajo_riesgo | probabilidad=0.2482 | alertas=0
2026-06-15 00:01:06,289 | INFO | Solicitud | metodo=POST | ruta=/predict | estado=200 | latencia_ms=8.357
2026-06-15 00:01:09,139 | INFO | Predicción | resultado=bajo_riesgo | probabilidad=0.2482 | alertas=0
2026-06-15 00:01:09,140 | INFO | Solicitud | metodo=POST | ruta=/predict | estado=200 | latencia_ms=2.914
2026-06-15 00:01:14,404 | WARNING | Error de validación | ruta=/predict | detalle=[{'type': 'less_than_equal', 'loc': ('body', 'reclamos'), 'msg': 'Input should be less than or equal to 100', 'input': 150, 'ctx': {'le': 100}}]
2026-06-15 00:01:14,407 | INFO | Solicitud | metodo=POST | ruta=/predict | estado=422 | latencia_ms=351.166
2026-06-15 00:02:06,135 | WARNING | Valores fuera de rango histórico: ['reclamos=100 fuera del rango histórico [0, 7]']
2026-06-15 00:02:06,135 | INFO | Predicción | resultado=alto_riesgo | probabilidad=1.0000 | alertas=1
2026-06-15 00:02:06,136 | INFO | Solicitud | metodo=POST | ruta=/predict | estado=200 | latencia_ms=4.555
2026-06-15 00:03:37,436 | WARNING | Valores fuera de rango histórico: ['reclamos=100 fuera del rango histórico [0, 7]']
2026-06-15 00:03:37,436 | INFO | Predicción | resultado=alto_riesgo | probabilidad=1.0000 | alertas=1
2026-06-15 00:03:37,437 | INFO | Solicitud | metodo=POST | ruta=/predict | estado=200 | latencia_ms=6.853
2026-06-15 00:03:38,138 | WARNING | Valores fuera de rango histórico: ['reclamos=100 fuera del rango histórico [0, 7]']
2026-06-15 00:03:38,156 | INFO | Predicción | resultado=alto_riesgo | probabilidad=1.0000 | alertas=1
2026-06-15 00:03:38,157 | INFO | Solicitud | metodo=POST | ruta=/predict | estado=200 | latencia_ms=23.584
2026-06-15 00:08:41,382 | INFO | Modelo cargado correctamente: modelo_churn_v1
2026-06-15 00:11:10,022 | INFO | Modelo cargado correctamente: modelo_churn_v1
2026-06-15 00:11:52,138 | INFO | Modelo cargado correctamente: modelo_churn_v1
2026-06-15 00:12:27,246 | INFO | Predicción | resultado=bajo_riesgo | probabilidad=0.0725 | alertas=0
2026-06-15 00:12:27,246 | INFO | Solicitud | metodo=POST | ruta=/predict | estado=200 | latencia_ms=22.123
2026-06-15 00:12:27,250 | INFO | Predicción | resultado=alto_riesgo | probabilidad=0.8848 | alertas=0
2026-06-15 00:12:27,251 | INFO | Solicitud | metodo=POST | ruta=/predict | estado=200 | latencia_ms=1.545
2026-06-15 00:12:27,256 | INFO | Predicción | resultado=alto_riesgo | probabilidad=0.9978 | alertas=0
2026-06-15 00:12:27,257 | INFO | Solicitud | metodo=POST | ruta=/predict | estado=200 | latencia_ms=1.803
2026-06-15 00:12:27,261 | WARNING | Valores fuera de rango histórico: ['antiguedad=180 fuera del rango histórico [1, 72]', 'cargo_mensual=600.0 fuera del rango histórico [20.0, 150.0]', 'reclamos=35 fuera del rango histórico [0, 7]']
2026-06-15 00:12:27,262 | INFO | Predicción | resultado=alto_riesgo | probabilidad=1.0000 | alertas=3
2026-06-15 00:12:27,262 | INFO | Solicitud | metodo=POST | ruta=/predict | estado=200 | latencia_ms=1.917
2026-06-15 00:12:27,266 | WARNING | Error de validación | ruta=/predict | detalle=[{'type': 'greater_than_equal', 'loc': ('body', 'cargo_mensual'), 'msg': 'Input should be greater than or equal to 0', 'input': -50.0, 'ctx': {'ge': 0.0}}]
2026-06-15 00:12:27,268 | INFO | Solicitud | metodo=POST | ruta=/predict | estado=422 | latencia_ms=2.413
2026-06-15 00:12:27,272 | INFO | Solicitud | metodo=GET | ruta=/metrics | estado=200 | latencia_ms=0.988
2026-06-15 05:06:24,793 | INFO | Modelo cargado correctamente: modelo_churn_v1
2026-06-15 05:06:36,358 | INFO | Solicitud | metodo=GET | ruta=/ | estado=200 | latencia_ms=6.263
2026-06-15 05:06:47,696 | INFO | Solicitud | metodo=GET | ruta=/metrics | estado=200 | latencia_ms=1.043
2026-06-15 05:06:52,754 | INFO | Solicitud | metodo=GET | ruta=/docs | estado=200 | latencia_ms=2.386
2026-06-15 05:06:53,162 | INFO | Solicitud | metodo=GET | ruta=/openapi.json | estado=200 | latencia_ms=33.111
2026-06-15 05:06:58,841 | WARNING | Valores fuera de rango histórico: ['antiguedad=240 fuera del rango histórico [1, 72]', 'cargo_mensual=5000.0 fuera del rango histórico [20.0, 150.0]', 'reclamos=100 fuera del rango histórico [0, 7]']
2026-06-15 05:06:58,845 | INFO | Predicción | resultado=alto_riesgo | probabilidad=1.0000 | alertas=3
2026-06-15 05:06:58,847 | INFO | Solicitud | metodo=POST | ruta=/predict | estado=200 | latencia_ms=37.342
2026-06-15 05:07:12,430 | WARNING | Valores fuera de rango histórico: ['reclamos=23 fuera del rango histórico [0, 7]']
2026-06-15 05:07:12,434 | INFO | Predicción | resultado=alto_riesgo | probabilidad=1.0000 | alertas=1
2026-06-15 05:07:12,437 | INFO | Solicitud | metodo=POST | ruta=/predict | estado=200 | latencia_ms=11.634
2026-06-15 05:07:23,181 | WARNING | Error de validación | ruta=/predict | detalle=[{'type': 'greater_than_equal', 'loc': ('body', 'reclamos'), 'msg': 'Input should be greater than or equal to 0', 'input': -6, 'ctx': {'ge': 0}}]
2026-06-15 05:07:23,187 | INFO | Solicitud | metodo=POST | ruta=/predict | estado=422 | latencia_ms=12.991
2026-06-15 05:07:32,032 | INFO | Predicción | resultado=alto_riesgo | probabilidad=0.8573 | alertas=0
2026-06-15 05:07:32,035 | INFO | Solicitud | metodo=POST | ruta=/predict | estado=200 | latencia_ms=7.569
2026-06-15 01:37:01,407 | INFO | Modelo cargado correctamente: modelo_churn_v1
2026-06-15 01:43:39,045 | INFO | Modelo cargado correctamente: modelo_churn_v1
2026-06-15 01:43:46,141 | INFO | Modelo cargado correctamente: modelo_churn_v1
2026-06-15 01:43:52,731 | INFO | Solicitud | metodo=GET | ruta=/ | estado=200 | latencia_ms=68.440
2026-06-15 01:44:01,148 | INFO | Solicitud | metodo=GET | ruta=/docs | estado=200 | latencia_ms=0.530
2026-06-15 01:44:01,920 | INFO | Solicitud | metodo=GET | ruta=/openapi.json | estado=200 | latencia_ms=327.134
2026-06-15 01:44:07,023 | WARNING | Valores fuera de rango histórico: ['antiguedad=240 fuera del rango histórico [1, 72]', 'cargo_mensual=5000.0 fuera del rango histórico [20.0, 150.0]', 'reclamos=100 fuera del rango histórico [0, 7]']
2026-06-15 01:44:07,023 | INFO | Predicción | resultado=alto_riesgo | probabilidad=1.0000 | alertas=3
2026-06-15 01:44:07,024 | INFO | Solicitud | metodo=POST | ruta=/predict | estado=200 | latencia_ms=44.353
2026-06-15 01:44:17,437 | INFO | Solicitud | metodo=GET | ruta=/metrics | estado=200 | latencia_ms=3.279
2026-06-15 01:44:26,026 | INFO | Solicitud | metodo=GET | ruta=/prometheus | estado=200 | latencia_ms=1.242
2026-06-15 01:46:29,855 | WARNING | Valores fuera de rango histórico: ['reclamos=20 fuera del rango histórico [0, 7]']
2026-06-15 01:46:29,857 | INFO | Predicción | resultado=alto_riesgo | probabilidad=1.0000 | alertas=1
2026-06-15 01:46:29,862 | INFO | Solicitud | metodo=POST | ruta=/predict | estado=200 | latencia_ms=84.307
2026-06-15 01:46:42,191 | INFO | Predicción | resultado=alto_riesgo | probabilidad=0.7126 | alertas=0
2026-06-15 01:46:42,194 | INFO | Solicitud | metodo=POST | ruta=/predict | estado=200 | latencia_ms=7.113
2026-06-15 01:47:01,378 | INFO | Solicitud | metodo=GET | ruta=/prometheus | estado=200 | latencia_ms=394.162
2026-06-15 05:59:08,489 | INFO | Modelo cargado correctamente: modelo_churn_v1
2026-06-15 05:59:13,976 | INFO | Solicitud | metodo=GET | ruta=/prometheus | estado=200 | latencia_ms=30.360
2026-06-15 05:59:18,823 | INFO | Solicitud | metodo=GET | ruta=/prometheus | estado=200 | latencia_ms=1.114
2026-06-15 05:59:22,054 | INFO | Solicitud | metodo=GET | ruta=/docs | estado=200 | latencia_ms=0.528
2026-06-15 05:59:22,635 | INFO | Solicitud | metodo=GET | ruta=/openapi.json | estado=200 | latencia_ms=14.524
2026-06-15 05:59:23,824 | INFO | Solicitud | metodo=GET | ruta=/prometheus | estado=200 | latencia_ms=2.071
2026-06-15 05:59:28,823 | INFO | Solicitud | metodo=GET | ruta=/prometheus | estado=200 | latencia_ms=0.966
2026-06-15 05:59:32,638 | INFO | Solicitud | metodo=GET | ruta=/docs | estado=200 | latencia_ms=0.221
2026-06-15 05:59:33,660 | INFO | Solicitud | metodo=GET | ruta=/openapi.json | estado=200 | latencia_ms=5.971
2026-06-15 05:59:33,838 | INFO | Solicitud | metodo=GET | ruta=/prometheus | estado=200 | latencia_ms=16.968
2026-06-15 05:59:38,803 | INFO | Solicitud | metodo=GET | ruta=/prometheus | estado=200 | latencia_ms=1.150
2026-06-15 05:59:38,832 | WARNING | Valores fuera de rango histórico: ['antiguedad=240 fuera del rango histórico [1, 72]', 'cargo_mensual=5000.0 fuera del rango histórico [20.0, 150.0]', 'reclamos=100 fuera del rango histórico [0, 7]']
2026-06-15 05:59:38,834 | INFO | Predicción | resultado=alto_riesgo | probabilidad=1.0000 | alertas=3
2026-06-15 05:59:38,836 | INFO | Solicitud | metodo=POST | ruta=/predict | estado=200 | latencia_ms=14.495
2026-06-15 05:59:43,800 | INFO | Solicitud | metodo=GET | ruta=/prometheus | estado=200 | latencia_ms=1.663
2026-06-15 05:59:48,801 | INFO | Solicitud | metodo=GET | ruta=/prometheus | estado=200 | latencia_ms=1.730
2026-06-15 05:59:53,801 | INFO | Solicitud | metodo=GET | ruta=/prometheus | estado=200 | latencia_ms=1.270
2026-06-15 05:59:58,803 | INFO | Solicitud | metodo=GET | ruta=/prometheus | estado=200 | latencia_ms=1.721
2026-06-15 06:00:03,778 | INFO | Solicitud | metodo=GET | ruta=/prometheus | estado=200 | latencia_ms=1.025
2026-06-15 06:00:08,782 | INFO | Solicitud | metodo=GET | ruta=/prometheus | estado=200 | latencia_ms=3.798
2026-06-15 06:00:13,779 | INFO | Solicitud | metodo=GET | ruta=/prometheus | estado=200 | latencia_ms=1.336
2026-06-15 06:00:18,779 | INFO | Solicitud | metodo=GET | ruta=/prometheus | estado=200 | latencia_ms=1.442
2026-06-15 06:00:23,783 | INFO | Solicitud | metodo=GET | ruta=/prometheus | estado=200 | latencia_ms=1.590
2026-06-15 06:00:28,780 | INFO | Solicitud | metodo=GET | ruta=/prometheus | estado=200 | latencia_ms=2.782
2026-06-15 06:00:33,758 | INFO | Solicitud | metodo=GET | ruta=/prometheus | estado=200 | latencia_ms=3.473
2026-06-15 06:00:38,755 | INFO | Solicitud | metodo=GET | ruta=/prometheus | estado=200 | latencia_ms=1.014
2026-06-15 06:00:43,755 | INFO | Solicitud | metodo=GET | ruta=/prometheus | estado=200 | latencia_ms=1.587
2026-06-15 06:00:48,760 | INFO | Solicitud | metodo=GET | ruta=/prometheus | estado=200 | latencia_ms=1.671
2026-06-15 06:00:53,754 | INFO | Solicitud | metodo=GET | ruta=/prometheus | estado=200 | latencia_ms=1.121
2026-06-15 06:00:58,761 | INFO | Solicitud | metodo=GET | ruta=/prometheus | estado=200 | latencia_ms=1.277
2026-06-15 06:01:03,732 | INFO | Solicitud | metodo=GET | ruta=/prometheus | estado=200 | latencia_ms=1.739
2026-06-15 06:01:08,732 | INFO | Solicitud | metodo=GET | ruta=/prometheus | estado=200 | latencia_ms=2.207
2026-06-15 06:01:13,732 | INFO | Solicitud | metodo=GET | ruta=/prometheus | estado=200 | latencia_ms=0.944
2026-06-15 06:01:18,736 | INFO | Solicitud | metodo=GET | ruta=/prometheus | estado=200 | latencia_ms=1.585
2026-06-15 06:01:23,732 | INFO | Solicitud | metodo=GET | ruta=/prometheus | estado=200 | latencia_ms=1.462
2026-06-15 06:01:28,733 | INFO | Solicitud | metodo=GET | ruta=/prometheus | estado=200 | latencia_ms=2.915
2026-06-15 06:01:33,709 | INFO | Solicitud | metodo=GET | ruta=/prometheus | estado=200 | latencia_ms=1.618
2026-06-15 06:01:38,708 | INFO | Solicitud | metodo=GET | ruta=/prometheus | estado=200 | latencia_ms=1.328
2026-06-15 06:01:43,710 | INFO | Solicitud | metodo=GET | ruta=/prometheus | estado=200 | latencia_ms=1.695
2026-06-15 06:01:43,989 | INFO | Solicitud | metodo=GET | ruta=/health | estado=200 | latencia_ms=2.213
2026-06-15 06:01:48,710 | INFO | Solicitud | metodo=GET | ruta=/prometheus | estado=200 | latencia_ms=1.575
2026-06-15 06:01:50,520 | INFO | Solicitud | metodo=GET | ruta=/health | estado=200 | latencia_ms=0.700
2026-06-15 06:01:51,030 | INFO | Solicitud | metodo=GET | ruta=/health | estado=200 | latencia_ms=0.613
2026-06-15 06:01:51,491 | INFO | Solicitud | metodo=GET | ruta=/health | estado=200 | latencia_ms=0.659
2026-06-15 06:01:53,708 | INFO | Solicitud | metodo=GET | ruta=/prometheus | estado=200 | latencia_ms=1.019
2026-06-15 06:01:58,708 | INFO | Solicitud | metodo=GET | ruta=/prometheus | estado=200 | latencia_ms=1.190
2026-06-15 06:02:03,708 | INFO | Solicitud | metodo=GET | ruta=/prometheus | estado=200 | latencia_ms=4.997
2026-06-15 06:02:08,706 | INFO | Solicitud | metodo=GET | ruta=/prometheus | estado=200 | latencia_ms=1.605
2026-06-15 06:02:10,429 | INFO | Solicitud | metodo=GET | ruta=/docs | estado=200 | latencia_ms=5.421
2026-06-15 06:02:10,617 | INFO | Solicitud | metodo=GET | ruta=/openapi.json | estado=200 | latencia_ms=0.518
2026-06-15 06:02:14,141 | INFO | Solicitud | metodo=GET | ruta=/prometheus | estado=200 | latencia_ms=61.515
2026-06-15 06:02:15,533 | WARNING | Valores fuera de rango histórico: ['antiguedad=240 fuera del rango histórico [1, 72]', 'cargo_mensual=5000.0 fuera del rango histórico [20.0, 150.0]', 'reclamos=100 fuera del rango histórico [0, 7]']
2026-06-15 06:02:15,538 | INFO | Predicción | resultado=alto_riesgo | probabilidad=1.0000 | alertas=3
2026-06-15 06:02:15,540 | INFO | Solicitud | metodo=POST | ruta=/predict | estado=200 | latencia_ms=31.981
2026-06-15 06:02:18,777 | INFO | Solicitud | metodo=GET | ruta=/prometheus | estado=200 | latencia_ms=26.807
2026-06-15 06:02:21,425 | WARNING | Error de validación | ruta=/predict | detalle=[{'type': 'greater_than_equal', 'loc': ('body', 'antiguedad'), 'msg': 'Input should be greater than or equal to 0', 'input': -240, 'ctx': {'ge': 0}}]
2026-06-15 06:02:21,433 | INFO | Solicitud | metodo=POST | ruta=/predict | estado=422 | latencia_ms=20.572
2026-06-15 06:02:23,719 | INFO | Solicitud | metodo=GET | ruta=/prometheus | estado=200 | latencia_ms=2.462
2026-06-15 06:02:28,705 | INFO | Solicitud | metodo=GET | ruta=/prometheus | estado=200 | latencia_ms=1.008
2026-06-15 06:02:29,106 | WARNING | Error de validación | ruta=/predict | detalle=[{'type': 'greater_than_equal', 'loc': ('body', 'antiguedad'), 'msg': 'Input should be greater than or equal to 0', 'input': -240, 'ctx': {'ge': 0}}]
2026-06-15 06:02:29,110 | INFO | Solicitud | metodo=POST | ruta=/predict | estado=422 | latencia_ms=5.453
2026-06-15 06:02:33,666 | INFO | Solicitud | metodo=GET | ruta=/prometheus | estado=200 | latencia_ms=0.945
2026-06-15 06:02:38,667 | INFO | Solicitud | metodo=GET | ruta=/prometheus | estado=200 | latencia_ms=1.339
2026-06-15 06:02:43,666 | INFO | Solicitud | metodo=GET | ruta=/prometheus | estado=200 | latencia_ms=1.298
2026-06-15 06:02:48,671 | INFO | Solicitud | metodo=GET | ruta=/prometheus | estado=200 | latencia_ms=4.632
2026-06-15 06:02:53,665 | INFO | Solicitud | metodo=GET | ruta=/prometheus | estado=200 | latencia_ms=1.300
2026-06-15 06:02:58,664 | INFO | Solicitud | metodo=GET | ruta=/prometheus | estado=200 | latencia_ms=1.115
2026-06-15 06:03:03,641 | INFO | Solicitud | metodo=GET | ruta=/prometheus | estado=200 | latencia_ms=1.020
2026-06-15 06:03:08,640 | INFO | Solicitud | metodo=GET | ruta=/prometheus | estado=200 | latencia_ms=0.968
2026-06-15 06:03:13,718 | INFO | Solicitud | metodo=GET | ruta=/prometheus | estado=200 | latencia_ms=76.167
2026-06-15 06:03:18,642 | INFO | Solicitud | metodo=GET | ruta=/prometheus | estado=200 | latencia_ms=2.068
2026-06-15 06:03:23,641 | INFO | Solicitud | metodo=GET | ruta=/prometheus | estado=200 | latencia_ms=1.128
2026-06-15 06:03:28,802 | INFO | Solicitud | metodo=GET | ruta=/prometheus | estado=200 | latencia_ms=6.164
2026-06-15 06:03:33,620 | INFO | Solicitud | metodo=GET | ruta=/prometheus | estado=200 | latencia_ms=3.510
2026-06-15 06:03:38,625 | INFO | Solicitud | metodo=GET | ruta=/prometheus | estado=200 | latencia_ms=2.621
2026-06-15 06:03:43,627 | INFO | Solicitud | metodo=GET | ruta=/prometheus | estado=200 | latencia_ms=5.432
2026-06-15 06:03:48,617 | INFO | Solicitud | metodo=GET | ruta=/prometheus | estado=200 | latencia_ms=1.689
2026-06-15 06:03:53,618 | INFO | Solicitud | metodo=GET | ruta=/prometheus | estado=200 | latencia_ms=1.790
2026-06-15 06:03:58,619 | INFO | Solicitud | metodo=GET | ruta=/prometheus | estado=200 | latencia_ms=1.349
2026-06-15 06:04:03,595 | INFO | Solicitud | metodo=GET | ruta=/prometheus | estado=200 | latencia_ms=1.562
2026-06-15 06:04:08,594 | INFO | Solicitud | metodo=GET | ruta=/prometheus | estado=200 | latencia_ms=1.248
2026-06-15 06:04:13,596 | INFO | Solicitud | metodo=GET | ruta=/prometheus | estado=200 | latencia_ms=1.706
2026-06-15 06:04:18,594 | INFO | Solicitud | metodo=GET | ruta=/prometheus | estado=200 | latencia_ms=1.069
2026-06-15 06:04:20,607 | WARNING | Error de validación | ruta=/predict | detalle=[{'type': 'greater_than_equal', 'loc': ('body', 'antiguedad'), 'msg': 'Input should be greater than or equal to 0', 'input': -240, 'ctx': {'ge': 0}}]
2026-06-15 06:04:20,609 | INFO | Solicitud | metodo=POST | ruta=/predict | estado=422 | latencia_ms=5.179
2026-06-15 06:04:23,612 | INFO | Solicitud | metodo=GET | ruta=/prometheus | estado=200 | latencia_ms=1.706
2026-06-15 06:04:28,594 | INFO | Solicitud | metodo=GET | ruta=/prometheus | estado=200 | latencia_ms=1.071
2026-06-15 06:04:33,574 | INFO | Solicitud | metodo=GET | ruta=/prometheus | estado=200 | latencia_ms=1.900
2026-06-15 06:04:35,322 | WARNING | Valores fuera de rango histórico: ['cargo_mensual=5000.0 fuera del rango histórico [20.0, 150.0]', 'reclamos=100 fuera del rango histórico [0, 7]']
2026-06-15 06:04:35,324 | INFO | Predicción | resultado=alto_riesgo | probabilidad=1.0000 | alertas=2
2026-06-15 06:04:35,330 | INFO | Solicitud | metodo=POST | ruta=/predict | estado=200 | latencia_ms=32.405
2026-06-15 06:04:38,573 | INFO | Solicitud | metodo=GET | ruta=/prometheus | estado=200 | latencia_ms=1.314
2026-06-15 06:04:43,573 | INFO | Solicitud | metodo=GET | ruta=/prometheus | estado=200 | latencia_ms=1.249
2026-06-15 06:04:44,599 | INFO | Predicción | resultado=bajo_riesgo | probabilidad=0.3088 | alertas=0
2026-06-15 06:04:44,602 | INFO | Solicitud | metodo=POST | ruta=/predict | estado=200 | latencia_ms=4.991
2026-06-15 06:04:48,573 | INFO | Solicitud | metodo=GET | ruta=/prometheus | estado=200 | latencia_ms=1.217
2026-06-15 06:04:53,573 | INFO | Solicitud | metodo=GET | ruta=/prometheus | estado=200 | latencia_ms=2.468
2026-06-15 06:04:53,917 | INFO | Predicción | resultado=alto_riesgo | probabilidad=0.9566 | alertas=0
2026-06-15 06:04:53,920 | INFO | Solicitud | metodo=POST | ruta=/predict | estado=200 | latencia_ms=3.628
2026-06-15 06:04:58,574 | INFO | Solicitud | metodo=GET | ruta=/prometheus | estado=200 | latencia_ms=1.442
2026-06-15 06:05:03,550 | INFO | Solicitud | metodo=GET | ruta=/prometheus | estado=200 | latencia_ms=1.491
2026-06-15 06:05:08,566 | INFO | Solicitud | metodo=GET | ruta=/prometheus | estado=200 | latencia_ms=7.977
2026-06-15 06:05:13,555 | INFO | Solicitud | metodo=GET | ruta=/prometheus | estado=200 | latencia_ms=2.356
2026-06-15 06:05:18,549 | INFO | Solicitud | metodo=GET | ruta=/prometheus | estado=200 | latencia_ms=1.328
2026-06-15 06:05:23,551 | INFO | Solicitud | metodo=GET | ruta=/prometheus | estado=200 | latencia_ms=1.687
2026-06-15 06:05:28,561 | INFO | Solicitud | metodo=GET | ruta=/prometheus | estado=200 | latencia_ms=8.381
2026-06-15 06:05:33,526 | INFO | Solicitud | metodo=GET | ruta=/prometheus | estado=200 | latencia_ms=1.193
2026-06-15 06:05:38,528 | INFO | Solicitud | metodo=GET | ruta=/prometheus | estado=200 | latencia_ms=3.019
2026-06-15 06:05:43,529 | INFO | Solicitud | metodo=GET | ruta=/prometheus | estado=200 | latencia_ms=1.847
2026-06-15 06:05:48,527 | INFO | Solicitud | metodo=GET | ruta=/prometheus | estado=200 | latencia_ms=1.501
2026-06-15 06:05:53,527 | INFO | Solicitud | metodo=GET | ruta=/prometheus | estado=200 | latencia_ms=1.598
2026-06-15 06:05:58,530 | INFO | Solicitud | metodo=GET | ruta=/prometheus | estado=200 | latencia_ms=1.568
2026-06-15 06:06:03,504 | INFO | Solicitud | metodo=GET | ruta=/prometheus | estado=200 | latencia_ms=1.303
2026-06-15 06:06:08,510 | INFO | Solicitud | metodo=GET | ruta=/prometheus | estado=200 | latencia_ms=4.593
2026-06-15 06:06:13,503 | INFO | Solicitud | metodo=GET | ruta=/prometheus | estado=200 | latencia_ms=1.111
2026-06-15 06:06:18,506 | INFO | Solicitud | metodo=GET | ruta=/prometheus | estado=200 | latencia_ms=1.749
